// Vitest Snapshot v1, https://vitest.dev/guide/snapshot.html

exports[`LoginPage > should render 1`] = `
<div>
  <div
    class="mt-6 flex justify-center"
  >
    <form
      class="space-y-12 rounded-2xl bg-white p-8 shadow-lg"
    >
      <div
        class="mt-10 grid grid-cols-1 gap-x-6 gap-y-8 sm:grid-cols-6"
      >
        <div
          class="sm:col-span-3"
        >
          <label
            class="block text-sm font-medium text-gray-700"
            for="email"
          >
            Email
          </label>
          <div
            class="mt-2"
          >
            <input
              class="block w-full rounded-lg border border-gray-300 bg-white px-4 py-2 text-base text-gray-900 shadow-sm focus:border-indigo-500 focus:ring-indigo-500 sm:text-sm"
              id="email"
              name="email"
              type="email"
              value=""
            />
          </div>
        </div>
      </div>
      <div
        class="mt-10 grid grid-cols-1 gap-x-6 gap-y-8 sm:grid-cols-6"
      >
        <div
          class="sm:col-span-3"
        >
          <label
            class="block text-sm font-medium text-gray-700"
            for="password"
          >
            Password
          </label>
          <div
            class="mt-2"
          >
            <input
              class="block w-full rounded-lg border border-gray-300 bg-white px-4 py-2 text-base text-gray-900 shadow-sm focus:border-indigo-500 focus:ring-indigo-500 sm:text-sm"
              id="password"
              name="password"
              type="password"
              value=""
            />
          </div>
        </div>
      </div>
      <div
        class="flex items-center"
      >
        <input
          class="border-border text-primary focus:ring-primary h-4 w-4 rounded"
          id="remember"
          name="remember"
          type="checkbox"
        />
        <label
          class="text-text ml-2 block text-sm"
          for="remember"
        >
          Remember
        </label>
      </div>
      <button
        class="sc-bXdtCk hcOKsH login-form-submit"
        disabled=""
        type="submit"
      >
        Log in!
      </button>
    </form>
  </div>
</div>
`;
